Copyright 1986-2015 Xilinx, Inc. All Rights Reserved.
-------------------------------------------------------------------------------------------
| Tool Version : Vivado v.2015.2 (lin64) Build 1266856 Fri Jun 26 16:35:25 MDT 2015
| Date         : Thu Sep 22 10:49:04 2016
| Host         : st-Lenovo-G50-45 running 64-bit Ubuntu 14.04.5 LTS
| Command      : report_control_sets -verbose -file red_pitaya_top_control_sets_placed.rpt
| Design       : red_pitaya_top
| Device       : xc7z010
-------------------------------------------------------------------------------------------

Control Set Information

Table of Contents
-----------------
1. Summary
2. Flip-Flop Distribution
3. Detailed Control Set Information

1. Summary
----------

+-------------------------------------------------------------------+-------+
|                               Status                              | Count |
+-------------------------------------------------------------------+-------+
| Number of unique control sets                                     |   230 |
| Minimum Number of register sites lost to control set restrictions |   529 |
+-------------------------------------------------------------------+-------+


2. Flip-Flop Distribution
-------------------------

+--------------+-----------------------+------------------------+-----------------+--------------+
| Clock Enable | Synchronous Set/Reset | Asynchronous Set/Reset | Total Registers | Total Slices |
+--------------+-----------------------+------------------------+-----------------+--------------+
| No           | No                    | No                     |             373 |          165 |
| No           | No                    | Yes                    |               0 |            0 |
| No           | Yes                   | No                     |             945 |          293 |
| Yes          | No                    | No                     |            1439 |          476 |
| Yes          | No                    | Yes                    |               0 |            0 |
| Yes          | Yes                   | No                     |            2370 |          758 |
+--------------+-----------------------+------------------------+-----------------+--------------+


3. Detailed Control Set Information
-----------------------------------

+-----------------------------------------------------------+------------------------------------------------------------------------------------------------------------------------------------------------+-----------------------------------------------------------------------------------------------------------------------------------------+------------------+----------------+
|                        Clock Signal                       |                                                                  Enable Signal                                                                 |                                                             Set/Reset Signal                                                            | Slice Load Count | Bel Load Count |
+-----------------------------------------------------------+------------------------------------------------------------------------------------------------------------------------------------------------+-----------------------------------------------------------------------------------------------------------------------------------------+------------------+----------------+
|  adc_clk                                                  | i_ps/axi_master[1]/axi_awpop                                                                                                                   | i_ps/axi_master[1]/axi_awburst_o[0]_i_1_n_6                                                                                             |                1 |              1 |
|  pwm_clk                                                  |                                                                                                                                                |                                                                                                                                         |                1 |              1 |
|  adc_clk                                                  | i_ps/axi_master[0]/axi_awpop                                                                                                                   | i_ps/axi_master[0]/axi_awburst_o[0]_i_1__0_n_6                                                                                          |                1 |              1 |
|  i_ps/system_i/system_i/processing_system7/inst/FCLK_CLK3 | i_ps/system_i/system_i/axi_protocol_converter_0/inst/gen_axilite.gen_b2s_conv.axilite_b2s/WR.b_channel_0/bid_fifo_0/bresp_push                 |                                                                                                                                         |                1 |              2 |
|  adc_clk                                                  | i_ps/axi_master[1]/axi_awpush                                                                                                                  | i_scope/i_dfilt1_chb/SR[0]                                                                                                              |                1 |              4 |
|  adc_clk                                                  | i_scope/set_trig_src[3]_i_1_n_6                                                                                                                | i_scope/i_dfilt1_chb/SR[0]                                                                                                              |                1 |              4 |
|  adc_clk                                                  | i_ps/axi_slave_gp0/set_21_irst_reg                                                                                                             | i_scope/i_dfilt1_chb/SR[0]                                                                                                              |                2 |              4 |
|  i_ps/system_i/system_i/processing_system7/inst/FCLK_CLK3 | i_ps/system_i/system_i/axi_protocol_converter_0/inst/gen_axilite.gen_b2s_conv.axilite_b2s/WR.aw_channel_0/aw_cmd_fsm_0/axlen_cnt_reg[0]_0[0]   |                                                                                                                                         |                2 |              4 |
|  adc_clk                                                  | i_ps/axi_master[1]/axi_wfill_lvl[3]_i_1_n_6                                                                                                    | i_scope/i_dfilt1_chb/SR[0]                                                                                                              |                1 |              4 |
|  adc_clk                                                  | i_ps/axi_master[0]/axi_awfill_lvl[3]_i_1__0_n_6                                                                                                | i_scope/i_dfilt1_chb/SR[0]                                                                                                              |                2 |              4 |
|  adc_clk                                                  | i_ps/axi_master[0]/axi_awpop                                                                                                                   | i_scope/i_dfilt1_chb/SR[0]                                                                                                              |                1 |              4 |
|  i_ps/system_i/system_i/processing_system7/inst/FCLK_CLK3 | i_ps/system_i/system_i/axi_protocol_converter_0/inst/gen_axilite.gen_b2s_conv.axilite_b2s/WR.aw_channel_0/aw_cmd_fsm_0/axlen_cnt_reg[4]_0      |                                                                                                                                         |                2 |              4 |
|  i_ps/system_i/system_i/processing_system7/inst/FCLK_CLK3 | i_ps/system_i/system_i/axi_protocol_converter_0/inst/gen_axilite.gen_b2s_conv.axilite_b2s/WR.aw_channel_0/aw_cmd_fsm_0/axlen_cnt_reg[4]_0      | i_ps/system_i/system_i/axi_protocol_converter_0/inst/gen_axilite.gen_b2s_conv.axilite_b2s/WR.aw_channel_0/aw_cmd_fsm_0/axlen_cnt_reg[7] |                1 |              4 |
|  adc_clk                                                  | i_ps/axi_master[0]/axi_awpush                                                                                                                  | i_scope/i_dfilt1_chb/SR[0]                                                                                                              |                2 |              4 |
|  adc_clk                                                  | i_ps/axi_master[1]/axi_awfill_lvl[3]_i_1_n_6                                                                                                   | i_scope/i_dfilt1_chb/SR[0]                                                                                                              |                1 |              4 |
|  adc_clk                                                  | i_ps/axi_master[1]/axi_awpop                                                                                                                   | i_scope/i_dfilt1_chb/SR[0]                                                                                                              |                1 |              4 |
|  i_ps/system_i/system_i/processing_system7/inst/FCLK_CLK3 | i_ps/system_i/system_i/xadc/inst/AXI_XADC_CORE_I/D[6]                                                                                          | i_ps/system_i/system_i/xadc/inst/AXI_LITE_IPIF_I/I_SLAVE_ATTACHMENT/reset2ip_reset                                                      |                3 |              4 |
|  adc_clk                                                  | i_ps/axi_master[0]/axi_wpop                                                                                                                    | i_scope/i_dfilt1_chb/SR[0]                                                                                                              |                1 |              4 |
|  adc_clk                                                  | i_ps/axi_master[1]/axi_wpop                                                                                                                    | i_scope/i_dfilt1_chb/SR[0]                                                                                                              |                1 |              4 |
|  pwm_clk                                                  | pwm[0]/bcnt[3]_i_1__2_n_6                                                                                                                      | pwm[1]/SR[0]                                                                                                                            |                1 |              4 |
|  pwm_clk                                                  | pwm[3]/bcnt[3]_i_1_n_6                                                                                                                         | pwm[1]/SR[0]                                                                                                                            |                1 |              4 |
|  adc_clk                                                  | i_scope/i_wr1/dat_cnt[3]_i_1__0_n_6                                                                                                            | i_scope/i_wr1/clear                                                                                                                     |                2 |              4 |
|  pwm_clk                                                  | pwm[2]/bcnt[3]_i_1__0_n_6                                                                                                                      | pwm[1]/SR[0]                                                                                                                            |                1 |              4 |
|  adc_clk                                                  |                                                                                                                                                | i_scope/axi_a_dat_sel[1]_i_1_n_6                                                                                                        |                2 |              4 |
|  i_ps/system_i/system_i/processing_system7/inst/FCLK_CLK3 | i_ps/system_i/system_i/axi_protocol_converter_0/inst/gen_axilite.gen_b2s_conv.axilite_b2s/RD.ar_channel_0/ar_cmd_fsm_0/axlen_cnt_reg[0][0]     |                                                                                                                                         |                2 |              4 |
|  adc_clk                                                  | i_scope/i_wr0/dat_cnt[3]_i_1_n_6                                                                                                               | i_scope/i_wr0/clear                                                                                                                     |                2 |              4 |
|  pwm_clk                                                  | pwm[1]/bcnt[3]_i_1__1_n_6                                                                                                                      | pwm[1]/SR[0]                                                                                                                            |                1 |              4 |
|  i_ps/system_i/system_i/processing_system7/inst/FCLK_CLK3 | i_ps/system_i/system_i/axi_protocol_converter_0/inst/gen_axilite.gen_b2s_conv.axilite_b2s/RD.ar_channel_0/ar_cmd_fsm_0/axlen_cnt_reg[4]        |                                                                                                                                         |                2 |              4 |
|  i_ps/system_i/system_i/processing_system7/inst/FCLK_CLK3 | i_ps/system_i/system_i/axi_protocol_converter_0/inst/gen_axilite.gen_b2s_conv.axilite_b2s/RD.ar_channel_0/ar_cmd_fsm_0/axlen_cnt_reg[4]        | i_ps/system_i/system_i/axi_protocol_converter_0/inst/gen_axilite.gen_b2s_conv.axilite_b2s/RD.ar_channel_0/ar_cmd_fsm_0/axlen_cnt_reg[7] |                1 |              4 |
|  adc_clk                                                  | i_ps/axi_master[0]/axi_rfill_lvl[3]_i_1__0_n_6                                                                                                 | i_scope/i_dfilt1_chb/SR[0]                                                                                                              |                1 |              4 |
|  adc_clk                                                  | i_ps/axi_master[1]/axi_rfill_lvl[3]_i_1_n_6                                                                                                    | i_scope/i_dfilt1_chb/SR[0]                                                                                                              |                1 |              4 |
|  adc_clk                                                  | i_ps/axi_master[0]/axi_wfill_lvl[3]_i_1__0_n_6                                                                                                 | i_scope/i_dfilt1_chb/SR[0]                                                                                                              |                1 |              4 |
|  adc_clk                                                  | i_ps/axi_slave_gp0/ack_cnt[5]_i_2_n_6                                                                                                          | i_ps/system_i/ack_cnt_reg[1]                                                                                                            |                2 |              5 |
|  adc_clk                                                  | i_ps/axi_slave_gp0/led_o_reg[0][0]                                                                                                             | i_scope/i_dfilt1_chb/SR[0]                                                                                                              |                1 |              5 |
|  i_ps/system_i/system_i/processing_system7/inst/FCLK_CLK3 |                                                                                                                                                | i_ps/system_i/system_i/proc_sys_reset/U0/EXT_LPF/lpf_int                                                                                |                2 |              5 |
|  i_ps/system_i/system_i/processing_system7/inst/FCLK_CLK3 | i_ps/system_i/system_i/proc_sys_reset/U0/SEQ/seq_cnt_en                                                                                        | i_ps/system_i/system_i/proc_sys_reset/U0/SEQ/SEQ_COUNTER/clear                                                                          |                1 |              6 |
|  adc_clk                                                  | i_ps/axi_slave_gp0/trig_a_src_reg[0][0]                                                                                                        | i_scope/i_dfilt1_chb/SR[0]                                                                                                              |                3 |              6 |
|  adc_clk                                                  | i_asg/ch[1]/ext_trig_debp[15]_i_1_n_6                                                                                                          | i_scope/i_dfilt1_chb/SR[0]                                                                                                              |                2 |              7 |
|  adc_clk                                                  | i_asg/ch[0]/ext_trig_debp[15]_i_1__0_n_6                                                                                                       | i_scope/i_dfilt1_chb/SR[0]                                                                                                              |                2 |              7 |
|  adc_clk                                                  | i_asg/ch[1]/ext_trig_debn[15]_i_1_n_6                                                                                                          | i_scope/i_dfilt1_chb/SR[0]                                                                                                              |                2 |              7 |
|  adc_clk                                                  | i_asg/ch[0]/ext_trig_debn[15]_i_1__0_n_6                                                                                                       | i_scope/i_dfilt1_chb/SR[0]                                                                                                              |                2 |              7 |
|  adc_clk                                                  | adc_rstn                                                                                                                                       | i_ps/axi_slave_gp0/sys_rdata_reg[25]_1                                                                                                  |                3 |              7 |
|  adc_clk                                                  | adc_rstn                                                                                                                                       | i_ps/axi_slave_gp0/sys_rdata_reg[25]_0                                                                                                  |                5 |              7 |
|  adc_clk                                                  | adc_rstn                                                                                                                                       | i_ps/axi_slave_gp0/sys_rdata_reg[24]                                                                                                    |                5 |              7 |
|  i_ps/system_i/system_i/processing_system7/inst/FCLK_CLK3 |                                                                                                                                                | i_ps/system_i/system_i/xadc/inst/AXI_LITE_IPIF_I/I_SLAVE_ATTACHMENT/p_2_out                                                             |                2 |              7 |
|  pwm_clk                                                  | pwm[2]/v[7]_i_1__0_n_6                                                                                                                         |                                                                                                                                         |                2 |              8 |
|  adc_clk                                                  | i_ps/axi_slave_gp0/E[0]                                                                                                                        | i_scope/i_dfilt1_chb/SR[0]                                                                                                              |                3 |              8 |
|  adc_clk                                                  | i_ps/axi_master[0]/E[0]                                                                                                                        | i_scope/i_dfilt1_chb/SR[0]                                                                                                              |                3 |              8 |
|  adc_clk                                                  | i_ps/axi_slave_gp0/exp_n_dat_o_reg[7][0]                                                                                                       | i_scope/i_dfilt1_chb/SR[0]                                                                                                              |                2 |              8 |
|  adc_clk                                                  | i_ps/gp0_maxi_arstn_reg_n_6                                                                                                                    | i_ps/axi_slave_gp0/axi_rdata_o[31]_i_1_n_6                                                                                              |                2 |              8 |
|  adc_clk                                                  | i_ps/axi_slave_gp0/exp_n_dir_o_reg[7][0]                                                                                                       | i_scope/i_dfilt1_chb/SR[0]                                                                                                              |                1 |              8 |
|  adc_clk                                                  | i_ps/axi_master[1]/E[0]                                                                                                                        | i_scope/i_dfilt1_chb/SR[0]                                                                                                              |                4 |              8 |
|  adc_clk                                                  | i_scope/i_wr0/push                                                                                                                             | i_scope/i_wr0/clear                                                                                                                     |                2 |              8 |
|  adc_clk                                                  | i_scope/i_wr1/push                                                                                                                             | i_scope/i_wr1/clear                                                                                                                     |                2 |              8 |
|  adc_clk                                                  |                                                                                                                                                | i_asg/ch[1]/dly_tick[7]_i_1_n_6                                                                                                         |                2 |              8 |
|  i_ps/system_i/system_i/processing_system7/inst/FCLK_CLK3 |                                                                                                                                                | i_ps/system_i/system_i/axi_protocol_converter_0/inst/gen_axilite.gen_b2s_conv.axilite_b2s/SI_REG/ar_pipe/SR[0]                          |                4 |              8 |
|  adc_clk                                                  | adc_rstn                                                                                                                                       | i_ps/axi_slave_gp0/sys_rdata_reg[16]_1                                                                                                  |                4 |              8 |
|  adc_clk                                                  | i_ps/axi_slave_gp0/exp_p_dir_o_reg[7][0]                                                                                                       | i_scope/i_dfilt1_chb/SR[0]                                                                                                              |                2 |              8 |
|  i_ps/system_i/system_i/processing_system7/inst/FCLK_CLK3 | i_ps/system_i/system_i/axi_protocol_converter_0/inst/gen_axilite.gen_b2s_conv.axilite_b2s/WR.b_channel_0/mhandshake_r                          | i_ps/system_i/system_i/axi_protocol_converter_0/inst/gen_axilite.gen_b2s_conv.axilite_b2s/WR.b_channel_0/bid_fifo_0/SR[0]               |                2 |              8 |
|  pwm_clk                                                  | pwm[3]/v[7]_i_1_n_6                                                                                                                            |                                                                                                                                         |                2 |              8 |
|  adc_clk                                                  |                                                                                                                                                | i_asg/ch[0]/dly_tick[7]_i_1__0_n_6                                                                                                      |                3 |              8 |
|  pwm_clk                                                  | pwm[1]/v[7]_i_1__1_n_6                                                                                                                         |                                                                                                                                         |                1 |              8 |
|  pwm_clk                                                  | pwm[0]/v[7]_i_1__2_n_6                                                                                                                         |                                                                                                                                         |                1 |              8 |
|  adc_clk                                                  |                                                                                                                                                | i_ps/axi_slave_gp0/axi_bresp_o[1]_i_1_n_6                                                                                               |                5 |              8 |
|  adc_clk                                                  | i_scope/i_wr1/fill_lvl[8]_i_1__0_n_6                                                                                                           | i_scope/i_wr1/clear                                                                                                                     |                3 |              9 |
|  adc_clk                                                  | i_hk/sel                                                                                                                                       | i_scope/i_dfilt1_chb/SR[0]                                                                                                              |                3 |              9 |
|  adc_clk                                                  | i_scope/i_wr0/fill_lvl[8]_i_1_n_6                                                                                                              | i_scope/i_wr0/clear                                                                                                                     |                3 |              9 |
|  adc_clk                                                  | i_ps/axi_slave_gp0/set_b_zero_reg                                                                                                              | i_scope/i_dfilt1_chb/SR[0]                                                                                                              |                6 |             10 |
|  i_ps/system_i/system_i/processing_system7/inst/FCLK_CLK3 | i_ps/system_i/system_i/axi_protocol_converter_0/inst/gen_axilite.gen_b2s_conv.axilite_b2s/RD.ar_channel_0/ar_cmd_fsm_0/axaddr_wrap_reg[0][0]   |                                                                                                                                         |                5 |             12 |
|  i_ps/system_i/system_i/processing_system7/inst/FCLK_CLK3 | i_ps/system_i/system_i/axi_protocol_converter_0/inst/gen_axilite.gen_b2s_conv.axilite_b2s/RD.ar_channel_0/ar_cmd_fsm_0/E[0]                    |                                                                                                                                         |                6 |             12 |
|  i_ps/system_i/system_i/processing_system7/inst/FCLK_CLK3 | i_ps/system_i/system_i/axi_protocol_converter_0/inst/gen_axilite.gen_b2s_conv.axilite_b2s/RD.ar_channel_0/ar_cmd_fsm_0/axaddr_incr_reg[0]      |                                                                                                                                         |                3 |             12 |
|  i_ps/system_i/system_i/processing_system7/inst/FCLK_CLK3 | i_ps/system_i/system_i/axi_protocol_converter_0/inst/gen_axilite.gen_b2s_conv.axilite_b2s/WR.aw_channel_0/aw_cmd_fsm_0/axaddr_incr_reg[0]      |                                                                                                                                         |                3 |             12 |
|  i_ps/system_i/system_i/processing_system7/inst/FCLK_CLK3 | i_ps/system_i/system_i/axi_protocol_converter_0/inst/gen_axilite.gen_b2s_conv.axilite_b2s/WR.aw_channel_0/aw_cmd_fsm_0/E[0]                    |                                                                                                                                         |                7 |             12 |
|  i_ps/system_i/system_i/processing_system7/inst/FCLK_CLK3 | i_ps/system_i/system_i/axi_protocol_converter_0/inst/gen_axilite.gen_b2s_conv.axilite_b2s/WR.aw_channel_0/aw_cmd_fsm_0/axaddr_wrap_reg[0][0]   |                                                                                                                                         |                4 |             12 |
|  adc_clk                                                  | i_asg/ch[0]/ext_trig_debn_reg[19]_0                                                                                                            | i_asg/ch[1]/SR[0]                                                                                                                       |                6 |             13 |
|  adc_clk                                                  | i_asg/ch[1]/ext_trig_debn[19]_i_2_n_6                                                                                                          | i_asg/ch[1]/ext_trig_debn[19]_i_1_n_6                                                                                                   |                6 |             13 |
|  i_ps/system_i/system_i/processing_system7/inst/FCLK_CLK3 | i_ps/system_i/system_i/axi_protocol_converter_0/inst/gen_axilite.gen_b2s_conv.axilite_b2s/RD.r_channel_0/r_push_r                              |                                                                                                                                         |                4 |             13 |
|  adc_clk                                                  | i_asg/ch[0]/ext_trig_debp_reg[19]_0                                                                                                            | i_asg/ch[1]/ext_trig_debp_reg[19]_0[0]                                                                                                  |                6 |             13 |
|  adc_clk                                                  |                                                                                                                                                | i_pid/i_pid22/pid_out[12]_i_1__2_n_6                                                                                                    |                2 |             13 |
|  adc_clk                                                  |                                                                                                                                                | i_pid/i_pid21/pid_out[12]_i_1__0_n_6                                                                                                    |                3 |             13 |
|  adc_clk                                                  | i_asg/ch[1]/ext_trig_debp[19]_i_2_n_6                                                                                                          | i_asg/ch[1]/ext_trig_debp[19]_i_1_n_6                                                                                                   |                6 |             13 |
|  adc_clk                                                  |                                                                                                                                                | i_pid/i_pid11/pid_out[12]_i_1_n_6                                                                                                       |                2 |             13 |
|  adc_clk                                                  |                                                                                                                                                | i_pid/i_pid12/pid_out[12]_i_1__1_n_6                                                                                                    |                3 |             13 |
|  adc_clk                                                  | i_ps/axi_slave_gp0/set_1_kd_reg[13][0]                                                                                                         | i_scope/i_dfilt1_chb/SR[0]                                                                                                              |                5 |             14 |
|  adc_clk                                                  | i_ps/axi_slave_gp0/int_sum_0[0]                                                                                                                | i_scope/i_dfilt1_chb/SR[0]                                                                                                              |                7 |             14 |
|  adc_clk                                                  | i_ps/axi_slave_gp0/int_sum_1[0]                                                                                                                | i_scope/i_dfilt1_chb/SR[0]                                                                                                              |                8 |             14 |
|  adc_clk                                                  | i_ps/axi_slave_gp0/int_sum_2[0]                                                                                                                | i_scope/i_dfilt1_chb/SR[0]                                                                                                              |                8 |             14 |
|  adc_clk                                                  | i_ps/axi_slave_gp0/kd_mult[0]                                                                                                                  | i_scope/i_dfilt1_chb/SR[0]                                                                                                              |                7 |             14 |
|  adc_clk                                                  | i_ps/axi_slave_gp0/kd_mult_0[0]                                                                                                                | i_scope/i_dfilt1_chb/SR[0]                                                                                                              |                6 |             14 |
|  adc_clk                                                  | i_ps/axi_slave_gp0/kd_mult_1[0]                                                                                                                | i_scope/i_dfilt1_chb/SR[0]                                                                                                              |                8 |             14 |
|  adc_clk                                                  | i_ps/axi_slave_gp0/kd_mult_2[0]                                                                                                                | i_scope/i_dfilt1_chb/SR[0]                                                                                                              |                8 |             14 |
|  adc_clk                                                  | i_ps/axi_slave_gp0/kp_mult[0]                                                                                                                  | i_scope/i_dfilt1_chb/SR[0]                                                                                                              |                7 |             14 |
|  adc_clk                                                  | i_ps/axi_slave_gp0/kp_mult_1[0]                                                                                                                | i_scope/i_dfilt1_chb/SR[0]                                                                                                              |                5 |             14 |
|  adc_clk                                                  | i_ps/axi_slave_gp0/kp_mult_2[0]                                                                                                                | i_scope/i_dfilt1_chb/SR[0]                                                                                                              |                8 |             14 |
|  adc_clk                                                  | i_ps/axi_slave_gp0/kp_mult_3[0]                                                                                                                | i_scope/i_dfilt1_chb/SR[0]                                                                                                              |                9 |             14 |
|  adc_clk                                                  | i_ps/axi_slave_gp0/phase_reg[13]_0[0]                                                                                                          | i_scope/i_dfilt1_chb/SR[0]                                                                                                              |                3 |             14 |
|  adc_clk                                                  | i_ps/axi_slave_gp0/set_2_ki_reg[13][0]                                                                                                         | i_scope/i_dfilt1_chb/SR[0]                                                                                                              |                6 |             14 |
|  adc_clk                                                  | i_ps/axi_slave_gp0/int_sum[0]                                                                                                                  | i_scope/i_dfilt1_chb/SR[0]                                                                                                              |                5 |             14 |
|  adc_clk                                                  | i_ps/axi_slave_gp0/gain_reg[13][0]                                                                                                             | i_scope/i_dfilt1_chb/SR[0]                                                                                                              |                3 |             14 |
|  adc_clk                                                  | i_ps/axi_slave_gp0/set_a_tresh_reg[13][0]                                                                                                      | i_scope/i_dfilt1_chb/SR[0]                                                                                                              |                5 |             14 |
|  adc_clk                                                  | i_ps/axi_slave_gp0/set_a_hyst_reg[13][0]                                                                                                       | i_scope/i_dfilt1_chb/SR[0]                                                                                                              |                5 |             14 |
|  adc_clk                                                  | i_ps/axi_slave_gp0/set_b_hyst_reg[13][0]                                                                                                       | i_scope/i_dfilt1_chb/SR[0]                                                                                                              |                4 |             14 |
|  adc_clk                                                  | i_ps/axi_slave_gp0/set_b_tresh_reg[13][0]                                                                                                      | i_scope/i_dfilt1_chb/SR[0]                                                                                                              |                4 |             14 |
|  adc_clk                                                  | i_scope/axi_a_dat_dv0                                                                                                                          |                                                                                                                                         |                4 |             14 |
|  adc_clk                                                  | i_scope/axi_a_dat[47]_i_1_n_6                                                                                                                  |                                                                                                                                         |                3 |             14 |
|  adc_clk                                                  | i_scope/axi_a_dat[31]_i_1_n_6                                                                                                                  |                                                                                                                                         |                5 |             14 |
|  adc_clk                                                  | i_scope/axi_a_dat[15]_i_1_n_6                                                                                                                  |                                                                                                                                         |                3 |             14 |
|  adc_clk                                                  | i_scope/adc_wp_trig0                                                                                                                           | i_scope/axi_a_dat_sel[1]_i_1_n_6                                                                                                        |                6 |             14 |
|  adc_clk                                                  | i_scope/axi_b_dat_dv0                                                                                                                          |                                                                                                                                         |                5 |             14 |
|  adc_clk                                                  | i_scope/axi_b_dat[47]_i_1_n_6                                                                                                                  |                                                                                                                                         |                4 |             14 |
|  adc_clk                                                  | i_scope/axi_b_dat[31]_i_1_n_6                                                                                                                  |                                                                                                                                         |                6 |             14 |
|  adc_clk                                                  | i_scope/axi_b_dat[15]_i_1_n_6                                                                                                                  |                                                                                                                                         |                4 |             14 |
|  adc_clk                                                  | adc_rstn                                                                                                                                       | i_ps/axi_slave_gp0/sys_rdata_reg[0]_2                                                                                                   |                6 |             14 |
|  adc_clk                                                  | i_ps/axi_slave_gp0/set_1_kp_reg[13][0]                                                                                                         | i_scope/i_dfilt1_chb/SR[0]                                                                                                              |                7 |             14 |
|  adc_clk                                                  | i_ps/axi_slave_gp0/set_1_sp_reg[13][0]                                                                                                         | i_scope/i_dfilt1_chb/SR[0]                                                                                                              |                5 |             14 |
|  adc_clk                                                  | i_ps/axi_slave_gp0/set_2_kd_reg[13][0]                                                                                                         | i_scope/i_dfilt1_chb/SR[0]                                                                                                              |                3 |             14 |
|  adc_clk                                                  | i_ps/axi_slave_gp0/set_1_ki_reg[13][0]                                                                                                         | i_scope/i_dfilt1_chb/SR[0]                                                                                                              |                3 |             14 |
|  adc_clk                                                  | i_ps/axi_slave_gp0/set_2_kp_reg[13][0]                                                                                                         | i_scope/i_dfilt1_chb/SR[0]                                                                                                              |                4 |             14 |
|  i_ps/system_i/system_i/processing_system7/inst/FCLK_CLK3 | i_ps/system_i/system_i/axi_protocol_converter_0/inst/gen_axilite.gen_b2s_conv.axilite_b2s/SI_REG/b_pipe/skid_buffer_reg[0]_0                   |                                                                                                                                         |                4 |             14 |
|  i_ps/system_i/system_i/processing_system7/inst/FCLK_CLK3 | i_ps/system_i/system_i/axi_protocol_converter_0/inst/gen_axilite.gen_b2s_conv.axilite_b2s/SI_REG/b_pipe/p_1_in                                 |                                                                                                                                         |                2 |             14 |
|  adc_clk                                                  | i_ps/axi_slave_gp0/kp_mult_6                                                                                                                   | i_scope/i_dfilt1_chb/SR[0]                                                                                                              |                9 |             14 |
|  adc_clk                                                  |                                                                                                                                                | i_asg/r0_rd[23]                                                                                                                         |                8 |             14 |
|  adc_clk                                                  |                                                                                                                                                | i_asg/r0_rd[7]                                                                                                                          |                7 |             14 |
|  adc_clk                                                  | i_ps/axi_slave_gp0/kp_mult_5                                                                                                                   | i_scope/i_dfilt1_chb/SR[0]                                                                                                              |                8 |             14 |
|  adc_clk                                                  | i_ps/axi_slave_gp0/kp_mult_0                                                                                                                   | i_scope/i_dfilt1_chb/SR[0]                                                                                                              |                6 |             14 |
|  adc_clk                                                  | i_ps/axi_slave_gp0/kp_mult_4                                                                                                                   | i_scope/i_dfilt1_chb/SR[0]                                                                                                              |                5 |             14 |
|  adc_clk                                                  | i_ps/axi_slave_gp0/set_b_rnum_reg[15][0]                                                                                                       | i_scope/i_dfilt1_chb/SR[0]                                                                                                              |                5 |             16 |
|  adc_clk                                                  | i_asg/ch[0]/cyc_cnt[0]_i_1__0_n_6                                                                                                              | i_scope/i_dfilt1_chb/SR[0]                                                                                                              |                4 |             16 |
|  adc_clk                                                  | i_asg/ch[1]/cyc_cnt[0]_i_1_n_6                                                                                                                 | i_scope/i_dfilt1_chb/SR[0]                                                                                                              |                4 |             16 |
|  pwm_clk                                                  | pwm[1]/b[15]_i_1__1_n_6                                                                                                                        |                                                                                                                                         |                5 |             16 |
|  pwm_clk                                                  | pwm[2]/b[15]_i_1__0_n_6                                                                                                                        |                                                                                                                                         |                4 |             16 |
|  adc_clk                                                  | i_asg/ch[1]/rep_cnt[15]_i_1_n_6                                                                                                                | i_scope/i_dfilt1_chb/SR[0]                                                                                                              |                5 |             16 |
|  adc_clk                                                  | i_ps/axi_slave_gp0/set_b_ncyc_reg[15][0]                                                                                                       | i_scope/i_dfilt1_chb/SR[0]                                                                                                              |                4 |             16 |
|  adc_clk                                                  | i_scope/i_wr0/pop                                                                                                                              | i_scope/i_wr0/clear                                                                                                                     |                6 |             16 |
|  adc_clk                                                  | i_asg/ch[0]/rep_cnt[15]_i_1__0_n_6                                                                                                             | i_scope/i_dfilt1_chb/SR[0]                                                                                                              |                6 |             16 |
|  adc_clk                                                  |                                                                                                                                                | i_scope/adc_dec_cnt[16]                                                                                                                 |                4 |             16 |
|  pwm_clk                                                  | pwm[3]/b[15]_i_1_n_6                                                                                                                           |                                                                                                                                         |                5 |             16 |
|  adc_clk                                                  | i_scope/i_wr1/pop                                                                                                                              | i_scope/i_wr1/clear                                                                                                                     |                5 |             16 |
|  pwm_clk                                                  | pwm[0]/b[15]_i_1__2_n_6                                                                                                                        |                                                                                                                                         |                5 |             16 |
|  i_ps/system_i/system_i/processing_system7/inst/FCLK_CLK3 |                                                                                                                                                | i_ps/system_i/system_i/xadc/inst/AXI_LITE_IPIF_I/I_SLAVE_ATTACHMENT/do_reg_reg[15][0]                                                   |                3 |             16 |
|  adc_clk                                                  | i_ps/axi_slave_gp0/set_a_ncyc_reg[15][0]                                                                                                       | i_scope/i_dfilt1_chb/SR[0]                                                                                                              |                4 |             16 |
|  adc_clk                                                  | i_ps/axi_slave_gp0/set_a_rnum_reg[15][0]                                                                                                       | i_scope/i_dfilt1_chb/SR[0]                                                                                                              |                5 |             16 |
|  adc_clk                                                  | i_ps/axi_slave_gp0/set_dec_reg[16]_0[0]                                                                                                        | i_scope/i_dfilt1_chb/SR[0]                                                                                                              |                5 |             17 |
|  i_ps/system_i/system_i/processing_system7/inst/FCLK_CLK3 | i_ps/system_i/system_i/xadc/inst/AXI_LITE_IPIF_I/I_SLAVE_ATTACHMENT/I_DECODER/ip_irpt_enable_reg_reg[16]                                       | i_ps/system_i/system_i/xadc/inst/AXI_LITE_IPIF_I/I_SLAVE_ATTACHMENT/reset2ip_reset                                                      |                5 |             17 |
|  adc_clk                                                  | i_ps/axi_slave_gp0/set_a_filt_aa_reg[17][0]                                                                                                    | i_scope/i_dfilt1_chb/SR[0]                                                                                                              |                3 |             18 |
|  adc_clk                                                  | i_ps/axi_slave_gp0/set_b_filt_aa_reg[17][0]                                                                                                    | i_scope/i_dfilt1_chb/SR[0]                                                                                                              |                6 |             18 |
|  adc_clk                                                  | i_scope/ext_trig_debn[0]_i_1_n_6                                                                                                               | i_scope/i_dfilt1_chb/SR[0]                                                                                                              |                5 |             20 |
|  adc_clk                                                  | i_scope/asg_trig_debp[0]_i_1_n_6                                                                                                               | i_scope/i_dfilt1_chb/SR[0]                                                                                                              |                5 |             20 |
|  adc_clk                                                  | i_scope/ext_trig_debp[0]_i_1_n_6                                                                                                               | i_scope/i_dfilt1_chb/SR[0]                                                                                                              |                5 |             20 |
|  adc_clk                                                  | i_scope/asg_trig_debn[0]_i_1_n_6                                                                                                               | i_scope/i_dfilt1_chb/SR[0]                                                                                                              |                5 |             20 |
|  i_ps/system_i/system_i/processing_system7/inst/FCLK_CLK3 | i_ps/system_i/system_i/axi_protocol_converter_0/inst/gen_axilite.gen_b2s_conv.axilite_b2s/WR.aw_channel_0/aw_cmd_fsm_0/m_payload_i_reg[0]      |                                                                                                                                         |                4 |             20 |
|  adc_clk                                                  | i_ps/axi_slave_gp0/set_deb_len_reg[19][0]                                                                                                      | i_scope/i_dfilt1_chb/SR[0]                                                                                                              |               10 |             20 |
|  i_ps/system_i/system_i/processing_system7/inst/FCLK_CLK3 | i_ps/system_i/system_i/xadc/inst/AXI_LITE_IPIF_I/I_SLAVE_ATTACHMENT/s_axi_rdata_i[31]_i_1_n_6                                                  | i_ps/system_i/system_i/xadc/inst/AXI_LITE_IPIF_I/I_SLAVE_ATTACHMENT/SR[0]                                                               |                5 |             20 |
|  i_ps/system_i/system_i/processing_system7/inst/FCLK_CLK3 |                                                                                                                                                | i_ps/system_i/system_i/xadc/inst/AXI_LITE_IPIF_I/I_SLAVE_ATTACHMENT/SR[0]                                                               |                5 |             22 |
|  adc_clk                                                  | i_ps/gp0_maxi_arstn_reg_n_6                                                                                                                    |                                                                                                                                         |                9 |             24 |
|  adc_clk                                                  | adc_rstn                                                                                                                                       | i_ps/axi_slave_gp0/sys_rdata_reg[0]_3                                                                                                   |               11 |             24 |
|  adc_clk                                                  | i_ps/axi_slave_gp0/dac_b_o_reg[23][0]                                                                                                          | i_scope/i_dfilt1_chb/SR[0]                                                                                                              |                5 |             24 |
|  adc_clk                                                  | i_ps/axi_slave_gp0/dac_a_o_reg[23]_0[0]                                                                                                        | i_scope/i_dfilt1_chb/SR[0]                                                                                                              |                4 |             24 |
|  adc_clk                                                  | i_ps/axi_slave_gp0/dac_c_o_reg[23][0]                                                                                                          | i_scope/i_dfilt1_chb/SR[0]                                                                                                              |                5 |             24 |
|  adc_clk                                                  | i_ps/axi_slave_gp0/dac_d_o_reg[23][0]                                                                                                          | i_scope/i_dfilt1_chb/SR[0]                                                                                                              |                4 |             24 |
|  i_ps/system_i/system_i/processing_system7/inst/FCLK_CLK3 | i_ps/system_i/system_i/xadc/inst/AXI_LITE_IPIF_I/I_SLAVE_ATTACHMENT/I_DECODER/start                                                            | i_ps/system_i/system_i/xadc/inst/AXI_LITE_IPIF_I/I_SLAVE_ATTACHMENT/I_DECODER/cs_ce_clr                                                 |                8 |             25 |
|  adc_clk                                                  | i_ps/axi_slave_gp0/set_b_filt_bb_reg[24][0]                                                                                                    | i_scope/i_dfilt1_chb/SR[0]                                                                                                              |                9 |             25 |
|  adc_clk                                                  | i_ps/axi_slave_gp0/set_a_filt_pp_reg[24][0]                                                                                                    | i_scope/i_dfilt1_chb/SR[0]                                                                                                              |               13 |             25 |
|  adc_clk                                                  | i_ps/axi_slave_gp0/set_a_filt_kk_reg[24][0]                                                                                                    | i_scope/i_dfilt1_chb/SR[0]                                                                                                              |                5 |             25 |
|  adc_clk                                                  | i_ps/axi_slave_gp0/set_b_filt_kk_reg[24][0]                                                                                                    | i_scope/i_dfilt1_chb/SR[0]                                                                                                              |               10 |             25 |
|  adc_clk                                                  | i_ps/axi_slave_gp0/set_b_filt_pp_reg[24][0]                                                                                                    | i_scope/i_dfilt1_chb/SR[0]                                                                                                              |               10 |             25 |
|  adc_clk                                                  | i_ps/axi_slave_gp0/set_a_filt_bb_reg[24][0]                                                                                                    | i_scope/i_dfilt1_chb/SR[0]                                                                                                              |                7 |             25 |
|  adc_clk                                                  | i_ps/axi_slave_gp0/buf_a_rpnt_rd_reg[2][0]                                                                                                     |                                                                                                                                         |               10 |             28 |
|  adc_clk                                                  | i_ps/axi_slave_gp0/set_a_amp_reg[0][0]                                                                                                         | i_scope/i_dfilt1_chb/SR[0]                                                                                                              |               10 |             28 |
|  adc_clk                                                  | i_ps/axi_slave_gp0/set_b_amp_reg[0][0]                                                                                                         | i_scope/i_dfilt1_chb/SR[0]                                                                                                              |               11 |             28 |
|  adc_clk                                                  | i_scope/p_0_in34_out                                                                                                                           | i_scope/axi_a_dat_sel[1]_i_1_n_6                                                                                                        |                8 |             28 |
|  dac_clk_1x                                               |                                                                                                                                                |                                                                                                                                         |               11 |             29 |
|  adc_clk                                                  | i_ps/axi_slave_gp0/set_a_size_reg[29][0]                                                                                                       | i_scope/i_dfilt1_chb/SR[0]                                                                                                              |                9 |             30 |
|  adc_clk                                                  | i_asg/ch[0]/dac_pnt[29]_i_1__0_n_6                                                                                                             | i_scope/i_dfilt1_chb/SR[0]                                                                                                              |               10 |             30 |
|  adc_clk                                                  | i_ps/axi_slave_gp0/set_b_ofs_reg[29][0]                                                                                                        | i_scope/i_dfilt1_chb/SR[0]                                                                                                              |                9 |             30 |
|  adc_clk                                                  | i_ps/axi_slave_gp0/set_a_step_reg[29][0]                                                                                                       | i_scope/i_dfilt1_chb/SR[0]                                                                                                              |               10 |             30 |
|  adc_clk                                                  | i_asg/ch[1]/dac_pnt[29]_i_1_n_6                                                                                                                | i_scope/i_dfilt1_chb/SR[0]                                                                                                              |                9 |             30 |
|  adc_clk                                                  | i_ps/axi_slave_gp0/set_a_ofs_reg[29][0]                                                                                                        | i_scope/i_dfilt1_chb/SR[0]                                                                                                              |               14 |             30 |
|  adc_clk                                                  | i_ps/axi_slave_gp0/set_b_size_reg[29][0]                                                                                                       | i_scope/i_dfilt1_chb/SR[0]                                                                                                              |                7 |             30 |
|  adc_clk                                                  | i_ps/axi_slave_gp0/set_b_step_reg[29][0]                                                                                                       | i_scope/i_dfilt1_chb/SR[0]                                                                                                              |                7 |             30 |
|  adc_clk                                                  | i_scope/set_a_axi_trig0                                                                                                                        | i_scope/adc_rst_do                                                                                                                      |                9 |             31 |
|  adc_clk                                                  | i_scope/set_b_axi_trig0                                                                                                                        | i_scope/adc_rst_do                                                                                                                      |               12 |             31 |
|  adc_clk                                                  | i_ps/axi_slave_gp0/set_dly_reg[31][0]                                                                                                          | i_scope/i_dfilt1_chb/SR[0]                                                                                                              |               11 |             32 |
|  pwm_clk                                                  |                                                                                                                                                | pwm[1]/SR[0]                                                                                                                            |               14 |             32 |
|  adc_clk                                                  | i_ps/axi_slave_gp0/set_a_axi_stop_reg[31][0]                                                                                                   |                                                                                                                                         |               10 |             32 |
|  adc_clk                                                  | i_ps/axi_slave_gp0/set_a_axi_start_reg[31][0]                                                                                                  |                                                                                                                                         |               10 |             32 |
|  adc_clk                                                  | i_ps/axi_slave_gp0/set_b_rdly_reg[31][0]                                                                                                       | i_scope/i_dfilt1_chb/SR[0]                                                                                                              |               12 |             32 |
|  adc_clk                                                  | i_ps/axi_slave_gp0/set_b_axi_stop_reg[31][0]                                                                                                   |                                                                                                                                         |                9 |             32 |
|  i_ps/system_i/system_i/processing_system7/inst/FCLK_CLK3 | i_ps/system_i/system_i/axi_protocol_converter_0/inst/gen_axilite.gen_b2s_conv.axilite_b2s/WR.aw_channel_0/aw_cmd_fsm_0/m_payload_i_reg[0]_0[0] |                                                                                                                                         |                7 |             32 |
|  adc_clk                                                  | i_scope/axi_b_dly_cnt[0]_i_1_n_6                                                                                                               | i_scope/i_dfilt1_chb/SR[0]                                                                                                              |                8 |             32 |
|  adc_clk                                                  | i_ps/axi_slave_gp0/set_b_axi_start_reg[31][0]                                                                                                  |                                                                                                                                         |               19 |             32 |
|  adc_clk                                                  | i_ps/axi_slave_gp0/set_b_axi_dly_reg[31][0]                                                                                                    |                                                                                                                                         |               13 |             32 |
|  adc_clk                                                  | i_ps/axi_slave_gp0/set_a_rdly_reg[31][0]                                                                                                       | i_scope/i_dfilt1_chb/SR[0]                                                                                                              |                9 |             32 |
|  adc_clk                                                  | i_asg/ch[1]/dly_cnt[0]_i_1_n_6                                                                                                                 | i_scope/i_dfilt1_chb/SR[0]                                                                                                              |                8 |             32 |
|  i_ps/system_i/system_i/processing_system7/inst/FCLK_CLK3 | i_ps/system_i/system_i/axi_protocol_converter_0/inst/gen_axilite.gen_b2s_conv.axilite_b2s/SI_REG/ar_pipe/skid_buffer_reg[0]_0                  |                                                                                                                                         |               11 |             32 |
|  i_ps/system_i/system_i/processing_system7/inst/FCLK_CLK3 | i_ps/system_i/system_i/axi_protocol_converter_0/inst/gen_axilite.gen_b2s_conv.axilite_b2s/SI_REG/aw_pipe/skid_buffer_reg[0]_0                  |                                                                                                                                         |                8 |             32 |
|  adc_clk                                                  | i_scope/axi_a_dly_cnt[0]_i_1_n_6                                                                                                               | i_scope/i_dfilt1_chb/SR[0]                                                                                                              |                8 |             32 |
|  adc_clk                                                  | i_scope/adc_we_cnt[0]_i_2_n_6                                                                                                                  | i_scope/adc_we_cnt[0]_i_1_n_6                                                                                                           |                8 |             32 |
|  adc_clk                                                  | i_scope/adc_dly_cnt[0]_i_1_n_6                                                                                                                 | i_scope/i_dfilt1_chb/SR[0]                                                                                                              |                8 |             32 |
|  adc_clk                                                  | i_asg/ch[0]/dly_cnt[0]_i_1__0_n_6                                                                                                              | i_scope/i_dfilt1_chb/SR[0]                                                                                                              |                8 |             32 |
|  adc_clk                                                  | i_scope/i_wr0/E[0]                                                                                                                             |                                                                                                                                         |               10 |             32 |
|  adc_clk                                                  | i_scope/i_wr1/E[0]                                                                                                                             |                                                                                                                                         |                7 |             32 |
|  adc_clk                                                  | i_ps/axi_slave_gp0/set_a_axi_dly_reg[31][0]                                                                                                    |                                                                                                                                         |               12 |             32 |
|  i_ps/system_i/system_i/processing_system7/inst/FCLK_CLK3 | i_ps/system_i/system_i/axi_protocol_converter_0/inst/gen_axilite.gen_b2s_conv.axilite_b2s/RD.ar_channel_0/ar_cmd_fsm_0/m_payload_i_reg[0][0]   |                                                                                                                                         |               10 |             32 |
|  i_ps/system_i/system_i/processing_system7/inst/FCLK_CLK3 | i_ps/system_i/system_i/axi_protocol_converter_0/inst/gen_axilite.gen_b2s_conv.axilite_b2s/RD.r_channel_0/rd_data_fifo_0/wr_en0                 |                                                                                                                                         |                9 |             34 |
|  adc_clk                                                  | i_ps/system_i/wr_wdata_reg[31][0]                                                                                                              |                                                                                                                                         |               14 |             34 |
|  adc_clk                                                  | i_ps/axi_slave_gp0/wr_awid[11]_i_1_n_6                                                                                                         |                                                                                                                                         |               12 |             35 |
|  adc_clk                                                  | i_ps/system_i/rd_araddr_reg[0][0]                                                                                                              |                                                                                                                                         |               15 |             35 |
|  adc_clk                                                  | i_ps/axi_master[1]/axi_awaddr_o[31]_i_2_n_6                                                                                                    | i_ps/axi_master[1]/axi_awaddr_o[31]_i_1_n_6                                                                                             |                6 |             36 |
|  adc_clk                                                  | i_ps/axi_master[0]/axi_awaddr_o[31]_i_2__0_n_6                                                                                                 | i_ps/axi_master[0]/axi_awaddr_o[31]_i_1__0_n_6                                                                                          |                6 |             36 |
|  i_ps/system_i/system_i/processing_system7/inst/FCLK_CLK3 | i_ps/system_i/system_i/axi_protocol_converter_0/inst/gen_axilite.gen_b2s_conv.axilite_b2s/SI_REG/r_pipe/skid_buffer_reg[0]_0                   |                                                                                                                                         |                8 |             47 |
|  i_ps/system_i/system_i/processing_system7/inst/FCLK_CLK3 | i_ps/system_i/system_i/axi_protocol_converter_0/inst/gen_axilite.gen_b2s_conv.axilite_b2s/SI_REG/r_pipe/p_1_in                                 |                                                                                                                                         |                8 |             47 |
|  adc_clk                                                  | i_ps/axi_master[1]/axi_awfifo_reg_0_15_0_5_i_1_n_6                                                                                             |                                                                                                                                         |                7 |             56 |
|  adc_clk                                                  | i_ps/axi_master[0]/axi_awfifo_reg_0_15_0_5_i_1__0_n_6                                                                                          |                                                                                                                                         |                7 |             56 |
|  adc_clk                                                  | i_hk/dna_value0                                                                                                                                | i_scope/i_dfilt1_chb/SR[0]                                                                                                              |               13 |             57 |
|  adc_clk                                                  | i_scope/i_wr1/next_address[31]_i_1__0_n_6                                                                                                      |                                                                                                                                         |               22 |             62 |
|  adc_clk                                                  | i_scope/i_wr0/next_address[31]_i_1_n_6                                                                                                         |                                                                                                                                         |               19 |             62 |
|  pwm_clk                                                  | pwm_rstn                                                                                                                                       |                                                                                                                                         |               19 |             64 |
|  adc_clk                                                  | i_scope/i_wr1/clear                                                                                                                            |                                                                                                                                         |               25 |             64 |
|  adc_clk                                                  | i_scope/i_wr0/clear                                                                                                                            |                                                                                                                                         |               23 |             64 |
|  i_ps/system_i/system_i/processing_system7/inst/FCLK_CLK3 |                                                                                                                                                | i_ps/system_i/system_i/axi_protocol_converter_0/inst/gen_axilite.gen_b2s_conv.axilite_b2s/areset_d1                                     |               21 |             69 |
|  adc_clk                                                  | i_ps/axi_master[1]/axi_wdata_o0_in                                                                                                             | i_ps/axi_master[1]/axi_wdata_o[63]_i_1_n_6                                                                                              |               13 |             73 |
|  adc_clk                                                  | i_ps/axi_master[0]/axi_wdata_o0_in                                                                                                             | i_ps/axi_master[0]/axi_wdata_o[63]_i_1__0_n_6                                                                                           |               13 |             73 |
|  adc_clk                                                  | i_scope/i_wr1/axi_wlast_o_reg_0                                                                                                                |                                                                                                                                         |               13 |            104 |
|  adc_clk                                                  | i_scope/i_wr0/axi_wlast_o_reg_0                                                                                                                |                                                                                                                                         |               13 |            104 |
|  i_ps/system_i/system_i/processing_system7/inst/FCLK_CLK3 |                                                                                                                                                | i_ps/system_i/system_i/xadc/inst/AXI_LITE_IPIF_I/I_SLAVE_ATTACHMENT/reset2ip_reset                                                      |               35 |            113 |
|  i_ps/system_i/system_i/processing_system7/inst/FCLK_CLK3 |                                                                                                                                                |                                                                                                                                         |               47 |            123 |
|  adc_clk                                                  | adc_rstn                                                                                                                                       |                                                                                                                                         |               65 |            165 |
|  adc_clk                                                  |                                                                                                                                                |                                                                                                                                         |              108 |            222 |
|  adc_clk                                                  |                                                                                                                                                | i_scope/i_dfilt1_chb/SR[0]                                                                                                              |              166 |            549 |
+-----------------------------------------------------------+------------------------------------------------------------------------------------------------------------------------------------------------+-----------------------------------------------------------------------------------------------------------------------------------------+------------------+----------------+


